ad2s1210.h:75:5:ad2s1210::ad2s1210(uint8_t, uint32_t, uint32_t, bool)	24	static
ad2s1210.h:83:10:void ad2s1210::set_gpios(ad2s1210_gpios)	24	static
mot_pap.h:73:10:void mot_pap::set_offset(uint16_t)	16	static
mot_pap.h:77:10:void mot_pap::set_rdc(ad2s1210*)	16	static
mot_pap.h:81:10:void mot_pap::set_timer(tmr*)	16	static
mot_pap.h:85:10:void mot_pap::set_gpios(mot_pap::gpios)	24	static
mot_pap.h:89:10:void mot_pap::set_supervisor_semaphore(SemaphoreHandle_t)	16	static
debug.h:56:27:const char* levelText(debugLevels)	24	static
debug.h:137:21:)	24	static
arm.cpp:38:13:void arm_task(void*)	40	static
arm.cpp:73:13:void arm_supervisor_task(void*)	16	static
arm.cpp:85:6:void arm_init()	32	static
arm.cpp:129:6:void TIMER1_IRQHandler()	8	static
arm.cpp:140:10:uint16_t arm_get_RDC_position()	8	static
arm.cpp:151:6:void arm_set_offset(uint16_t)	16	static
arm.cpp:160:10:mot_pap* arm_get_status()	8	static
arm.cpp:170:13:JSON_Value* arm_json()	8	static
arm.cpp:172:1:void __static_initialization_and_destruction_0(int, int)	24	static
arm.cpp:172:1:cpp)	8	static
