gthr-default.h:229:1:int __gthread_key_delete(__gthread_key_t)	16	static
main.cpp:40:13:void prvSetupHardware()	8	static
main.cpp:83:6:void msDelay(uint32_t)	16	static
main.cpp:91:5:int main()	16	static
main.cpp:109:17:void vApplicationStackOverflowHook(void**, signed char*)	24	static
main.cpp:131:6:void vAssertCalled(long unsigned int, const char*)	24	static
main.cpp:147:17:void prvGetRegistersFromStack(uint32_t*)	48	static
main.cpp:183:1:void __static_initialization_and_destruction_0(int, int)	16	static
main.cpp:183:1:cpp)	8	static
