rgu_18xx_43xx.h:119:20:void Chip_RGU_TriggerReset(CHIP_RGU_RST_T)	16	static
debug.h:56:27:const char* levelText(debugLevels)	24	static
debug.h:136:21:)	24	static
net_commands.cpp:23:13:JSON_Value* telemetria_cmd(const JSON_Value*)	32	static
net_commands.cpp:30:13:JSON_Value* logs_cmd(const JSON_Value*)	56	static
net_commands.cpp:60:13:JSON_Value* lift_cmd(const JSON_Value*)	40	static
net_commands.cpp:66:13:JSON_Value* protocol_version_cmd(const JSON_Value*)	24	static
net_commands.cpp:73:13:JSON_Value* control_enable_cmd(const JSON_Value*)	24	static
net_commands.cpp:82:13:JSON_Value* pole_closed_loop_cmd(const JSON_Value*)	40	static
net_commands.cpp:90:13:JSON_Value* arm_free_run_cmd(const JSON_Value*)	64	static
net_commands.cpp:107:13:JSON_Value* network_settings_cmd(const JSON_Value*)	104	static
net_commands.cpp:155:13:JSON_Value* mem_info_cmd(const JSON_Value*)	32	static
net_commands.cpp:166:13:JSON_Value* temperature_info_cmd(const JSON_Value*)	40	static
net_commands.cpp:226:13:JSON_Value* cmd_execute(const char*, const JSON_Value*)	56	static
