scu_18xx_43xx.h:135:20:void Chip_SCU_PinMuxSet(uint8_t, uint8_t, uint16_t)	16	static
gpio_18xx_43xx.h:121:20:bool Chip_GPIO_GetPinState(LPC_GPIO_T*, uint8_t, uint8_t)	16	static
gpio_18xx_43xx.h:154:20:void Chip_GPIO_SetPinDIROutput(LPC_GPIO_T*, uint8_t, uint8_t)	16	static
gpio_18xx_43xx.h:166:20:void Chip_GPIO_SetPinDIRInput(LPC_GPIO_T*, uint8_t, uint8_t)	16	static
gpio_18xx_43xx.h:407:20:void Chip_GPIO_SetPinOutHigh(LPC_GPIO_T*, uint8_t, uint8_t)	16	static
gpio_18xx_43xx.h:449:20:void Chip_GPIO_SetPinOutLow(LPC_GPIO_T*, uint8_t, uint8_t)	16	static
ring_buffer.h:103:19:int RingBuffer_GetCount(RINGBUFF_T*)	16	static
one-wire.cpp:77:6:void DQ1_Init()	8	static
one-wire.cpp:84:6:void DQ1_StrongPullUp()	8	static
one-wire.cpp:94:16:uint8_t read_bit()	24	static
one-wire.cpp:109:13:void write_bit(uint8_t)	40	static
one-wire.cpp:132:9:uint8_t one_wire_send_reset()	24	static
one-wire.cpp:156:9:uint8_t one_wire_send_byte(uint8_t)	24	static
one-wire.cpp:173:9:uint8_t one_wire_send_bytes(uint8_t*, uint8_t)	24	static
one-wire.cpp:195:9:uint8_t one_wire_receive(uint8_t)	24	static
one-wire.cpp:219:9:uint8_t one_wire_count()	8	static
one-wire.cpp:229:9:uint8_t one_wire_get_byte(uint8_t*)	16	static
one-wire.cpp:244:9:uint8_t one_wire_get_bytes(uint8_t*, uint8_t)	24	static
one-wire.cpp:262:9:uint8_t one_wire_calc_CRC(uint8_t*, uint8_t)	24	static
one-wire.cpp:286:6:void one_wire_init()	8	static
one-wire.cpp:301:9:uint8_t one_wire_read_rom_code(uint8_t*)	24	static
one-wire.cpp:333:6:void chcat(uint8_t*, size_t, uint8_t)	24	static
one-wire.cpp:357:6:void strcat_num_8_hex(uint8_t*, size_t, uint8_t)	32	static
one-wire.cpp:377:9:uint8_t one_wire_strcat_rom_code(uint8_t*, size_t, uint8_t*)	32	static
one-wire.cpp:394:6:void one_wire_reset_search()	16	static
one-wire.cpp:414:6:void one_wire_target_search(uint8_t)	24	static
one-wire.cpp:436:6:bool one_wire_search(uint8_t*, bool)	32	static
one-wire.cpp:550:6:void one_wire_strong_pull_up(uint32_t)	16	static
