scu_18xx_43xx.h:135:20:void Chip_SCU_PinMuxSet(uint8_t, uint8_t, uint16_t)	16	static
gpio_18xx_43xx.h:121:20:bool Chip_GPIO_GetPinState(LPC_GPIO_T*, uint8_t, uint8_t)	16	static
gpio_18xx_43xx.h:154:20:void Chip_GPIO_SetPinDIROutput(LPC_GPIO_T*, uint8_t, uint8_t)	16	static
gpio_18xx_43xx.h:166:20:void Chip_GPIO_SetPinDIRInput(LPC_GPIO_T*, uint8_t, uint8_t)	16	static
gpio_18xx_43xx.h:407:20:void Chip_GPIO_SetPinOutHigh(LPC_GPIO_T*, uint8_t, uint8_t)	16	static
gpio_18xx_43xx.h:449:20:void Chip_GPIO_SetPinOutLow(LPC_GPIO_T*, uint8_t, uint8_t)	16	static
ring_buffer.h:103:19:int RingBuffer_GetCount(RINGBUFF_T*)	16	static
one-wire.cpp:76:6:void DQ1_Init()	8	static
one-wire.cpp:84:6:void DQ1_StrongPullUp()	8	static
one-wire.cpp:94:16:uint8_t read_bit()	24	static
one-wire.cpp:108:13:void write_bit(uint8_t)	40	static
one-wire.cpp:130:9:uint8_t one_wire_send_reset()	24	static
one-wire.cpp:153:9:uint8_t one_wire_send_byte(uint8_t)	24	static
one-wire.cpp:169:9:uint8_t one_wire_send_bytes(uint8_t*, uint8_t)	24	static
one-wire.cpp:190:9:uint8_t one_wire_receive(uint8_t)	24	static
one-wire.cpp:213:9:uint8_t one_wire_count()	8	static
one-wire.cpp:222:9:uint8_t one_wire_get_byte(uint8_t*)	16	static
one-wire.cpp:236:9:uint8_t one_wire_get_bytes(uint8_t*, uint8_t)	24	static
one-wire.cpp:253:9:uint8_t one_wire_calc_CRC(uint8_t*, uint8_t)	24	static
one-wire.cpp:276:6:void one_wire_init()	8	static
one-wire.cpp:291:9:uint8_t one_wire_read_rom_code(uint8_t*)	24	static
one-wire.cpp:322:6:void chcat(uint8_t*, size_t, uint8_t)	24	static
one-wire.cpp:345:6:void strcat_num_8_hex(uint8_t*, size_t, uint8_t)	32	static
one-wire.cpp:364:9:uint8_t one_wire_strcat_rom_code(uint8_t*, size_t, uint8_t*)	32	static
one-wire.cpp:380:6:void one_wire_reset_search()	16	static
one-wire.cpp:399:6:void one_wire_target_search(uint8_t)	24	static
one-wire.cpp:420:6:bool one_wire_search(uint8_t*, bool)	32	static
one-wire.cpp:533:6:void one_wire_strong_pull_up(uint32_t)	16	static
